// Jest Snapshot v1, https://goo.gl/fbAQLP

exports[`renders correctly 1`] = `
<div
  data-testid="rosterList-1"
>
  <div>
    Roster
  </div>
  <div>
    <table>
      <thead>
        <tr>
          <th>
            name
          </th>
          <th>
            grade
          </th>
          <th>
            vehicle?
          </th>
        </tr>
      </thead>
      <tbody>
        <tr>
          <td>
            Alison Murphy
          </td>
          <td>
            9
          </td>
          <td>
            <a
              id={1}
              onClick={[Function]}
            >
              No Response
            </a>
          </td>
        </tr>
        <tr>
          <td>
            Carl Jefferies
          </td>
          <td>
            5
          </td>
          <td>
            <a
              id={2}
              onClick={[Function]}
            >
              No Response
            </a>
          </td>
        </tr>
        <tr>
          <td>
            Adam Marcus
          </td>
          <td>
            3
          </td>
          <td>
            <a
              id={3}
              onClick={[Function]}
            >
              No Response
            </a>
          </td>
        </tr>
        <tr>
          <td>
            Lenny Tallerman
          </td>
          <td>
            9
          </td>
          <td>
            <a
              id={4}
              onClick={[Function]}
            >
              No Response
            </a>
          </td>
        </tr>
        <tr>
          <td>
            Beth Rochester
          </td>
          <td>
            12
          </td>
          <td>
            <a
              id={5}
              onClick={[Function]}
            >
              No Response
            </a>
          </td>
        </tr>
      </tbody>
    </table>
  </div>
</div>
`;
